[
  {
    "Id": 3,
    "CustomerId": 2,
    "OrderDate": "2025-04-13T00:00:00",
    "TotalAmount": 784.0000,
    "DiscountPercent": 2.0,
    "DiscountAmount": 16.0000,
    "Status": "Ready",
    "Items": [
      {
        "Id": 19,
        "OrderId": 3,
        "ProductId": 2,
        "Quantity": 1,
        "UnitPrice": 800.00,
        "Product": {
          "Id": 2,
          "Name": "Gray",
          "Category": "T-Shirts",
          "Price": 800.00
        }
      }
    ]
  }
]